 CSI ;;;1m: Reset style, Reset style, Reset style, Bold
