 CSI ;4:3;38;2;175;175;215;58:2::190:80:70m: Reset style, Underline (Curly), 24-bit RGB foreground color: #AFAFD7, 24-bit RGB underline color: #BE5046
