 CSI  \x1b[4:5;8m: Underline (Dashed), Blink, Invisible
