 CSI  \x1b[1;2;3;4:3m: Bold, Faint, Italic, Underline (Curly), Italic
