 CSI  "\x1b[5;7;9m" " : Blink, Inverse, Crossed-out
