 CSI  \x1b[48;2;255;238;170;38;2;255;238;170;58;2;255;238;170m: Background color: {255 238 170 255}, Foreground color: {255 238 170 255}, Underline color: {255 238 170 255}
