CSI "\x1b[4:1;39m": Underline (Single), Bold, Default foreground color
