 CSI  \x1b[>4u: Push "Report alternate keys" Kitty keyboard flag
