 CSI  \x1b[>8u: Push "Report all keys as escape codes" Kitty keyboard flag
