 OSC 52;p;aGVsbG8: illegal base64 data at input byte 4
