 OSC  "\x1b]52;p;aGVsbG8=\a" " : Set clipboard "primary" to "hello"
