 OSC  "\x1b]52;c;aGVsbG8=\a": Set clipboard "system" to "hello"
