 DCS  "\x1bP+qa\x1b\\": encoding/hex: odd length hex string
