 CSI  "\x1b[?1000l" " : Disable private mode "show mouse"
