 CSI  \x1b[?2004l: Disable private mode "bracketed paste"
