 CSI ?1003l: Disable private mode "mouse all motion"
