 CSI  \x1b[?1004l: Disable private mode "report focus"
