CSI "\x1b[?2026l": Disable private mode "synchronized output"
