CSI "\x1b[?1000h": Enable private mode "show mouse"
