 CSI  \x1b[?1h: Enable private mode "cursor keys"
