 CSI ?25h: Enable private mode "cursor visibility"
