CSI "\x1b[?1049h": Enable private mode "altscreen"
