 CSI ?2004h: Enable private mode "bracketed paste"
