 CSI  "\x1b[?9001h": Enable private mode "win32 input"
