CSI "\x1b[?1004h": Enable private mode "report focus"
