CSI "\x1b[?1003h": Enable private mode "mouse all motion"
