CSI "\x1b[?1002h": Enable private mode "mouse cell motion"
