 CSI  "\x1b[?1006h" " : Enable private mode "mouse SGR ext"
