 CSI  "\x1b[?1000$p" " : Request private mode "show mouse"
