CSI "\x1b[?1049$p": Request private mode "altscreen"
