 CSI  "\x1b[?2026$p": Request private mode "synchronized output"
