CSI "\x1b[?1001$p": Request private mode "mouse hilite"
