 CSI  "\x1b[?1006$p": Request private mode "mouse SGR ext"
