CSI "\x1b[?1003$p": Request private mode "mouse all motion"
