 OSC  "\x1b]22;crosshair\a" " : Set pointer shape to "crosshair"
