CSI "\x1b[20;10H": Set cursor position row=20 col=10
