 CSI  "\x1b[4 q": Set cursor style Steady underline
