 CSI  "\x1b[2 q" " : Set cursor style Steady block
