 CSI  "\x1b[0 q": Set cursor style Blinking block
