 CSI  "\x1b[3 q": Set cursor style Blinking underline
