 OSC 7;file://localhost/foo/bar: Set working directory to /foo/bar (on localhost)
