 OSC  \x1b]8;my title;https://charm.sh\a: Set hyperlink, my title to "https://charm.sh"
