 OSC  \x1b]8;my title:some description;https://charm.sh\a: Set hyperlink, my title, some description to "https://charm.sh"
