OSC "\x1b]8;my title;\a": Set hyperlink, my title to ""
