 OSC  "\x1b]0;terminal\a" " : Set icon name and window title to terminal
